
> coride-backend@1.0.0 start
> node src/server.js

==================================================
  WARNING: DATABASE_URL not detected in environment.
  Enabling In-Memory Mock Database Fallback.
==================================================
====================================================
  CoRide Server Running on Port: 5000
  Environment: development
====================================================
SIGTERM signal received: closing HTTP server
HTTP server closed
/app/backend/src/server.js:85
    db.pool.end(() => {
            ^

TypeError: db.pool.end is not a function
    at Server.<anonymous> (/app/backend/src/server.js:85:13)
    at Object.onceWrapper (node:events:633:28)
    at Server.emit (node:events:531:35)
    at emitCloseNT (node:net:2419:8)
    at process.processTicksAndRejections (node:internal/process/task_queues:88:21)

Node.js v22.22.1
